pytest
============================= test session starts ==============================
platform darwin -- Python 3.9.6, pytest-7.4.0, pluggy-1.5.0
rootdir: /Users/dhananjay/Documents/String-Calculator-TDD-Kata
plugins: anyio-4.9.0, order-1.1.0, cov-4.1.0, mock-3.11.1
collected 18 items

tests/test_calculator.py ..................                              [100%]

============================== 18 passed in 0.14s ==============================
